// Jest Snapshot v1, https://goo.gl/fbAQLP

exports[`CustomModal (Unit-Test) should match snapshot 1`] = `
<Modal
  animationType="fade"
  hardwareAccelerated={false}
  onRequestClose={[MockFunction]}
  statusBarTranslucent={true}
  transparent={true}
  visible={true}
>
  <KeyboardAvoidingView
    behavior="padding"
    style={
      Object {
        "backgroundColor": "#00000040",
        "flex": 1,
        "justifyContent": "flex-end",
        "width": "100%",
      }
    }
  >
    <View
      style={
        Object {
          "backgroundColor": "#FFFFFF",
          "borderTopLeftRadius": 13,
          "borderTopRightRadius": 13,
          "height": "90%",
          "width": "100%",
        }
      }
    >
      <CustomModalHeader
        closeModal={[MockFunction]}
        title="TEST_MODAL_TITLE"
      />
    </View>
  </KeyboardAvoidingView>
</Modal>
`;
