// Jest Snapshot v1, https://goo.gl/fbAQLP

exports[`HyperText (Unit-Test) general functionality should match snapshot 1`] = `
<TouchableOpacity
  onPress={[MockFunction]}
  testID="TEST_ID"
>
  <Text>
    <CustomText
      bodyType="paragraph-bold"
      color="#2162E3"
      text="TEST_TEXT"
    />
  </Text>
</TouchableOpacity>
`;
