// Jest Snapshot v1, https://goo.gl/fbAQLP

exports[`Button (Unit-Test) general functionality should match snapshot 1`] = `
<TouchableOpacity
  disabled={false}
  onPress={[MockFunction]}
  style={
    Object {
      "alignItems": "center",
      "backgroundColor": "#2162E3",
      "borderRadius": 0,
      "height": 50,
      "justifyContent": "center",
      "width": "45%",
    }
  }
  testID="BUTTON_TEST_ID"
>
  <CustomText
    text="BUTTON_TEXT"
  />
</TouchableOpacity>
`;
